
> frontend@0.1.0 build
> next build

Ôû▓ Next.js 16.2.1 (Turbopack)
- Environments: .env.local

  Creating an optimized production build ...
node.exe : Error: Cannot 
apply unknown utility class 
`bg-opacity-70`
At line:1 char:1
+ & "C:\Program 
Files\nodejs/node.exe" "C:\Use
rs\dk\AppData\Roaming\npm ...
+ ~~~~~~~~~~~~~~~~~~~~~~~~~~~~
~~~~~~~~~~~~~~~~~~~~~~~~~~~~~~
~~~~~~~~~~~
    + CategoryInfo          : 
    NotSpecified: (Error: Ca  
  nnot a...`bg-opacity-70`:   
 String) [], RemoteExcepti    
on
    + FullyQualifiedErrorId : 
    NativeCommandError
 
    [2m[at 
onInvalidCandidate (D:\Projekt
\notes\frontend\node_modules\t
ailwindcss\dist\lib.js:21:1511
)][0m
    [2m[at Ee (D:\Projekt\not
es\frontend\node_modules\tailw
indcss\dist\lib.js:16:37066)]
[0m
    [2m[at D:\Projekt\notes\f
rontend\node_modules\tailwindc
ss\dist\lib.js:21:355][0m
    [2m[at _r (D:\Projekt\not
es\frontend\node_modules\tailw
indcss\dist\lib.js:3:1733)][0
m
    [2m[at I (D:\Projekt\note
s\frontend\node_modules\tailwi
ndcss\dist\lib.js:3:1377)][0m
    [2m[at Te (D:\Projekt\not
es\frontend\node_modules\tailw
indcss\dist\lib.js:21:172)][0
m
    [2m[at mn (D:\Projekt\not
es\frontend\node_modules\tailw
indcss\dist\lib.js:38:294)][0
m
    [2m[at async gn (D:\Proje
kt\notes\frontend\node_modules
\tailwindcss\dist\lib.js:38:63
1)][0m
    [2m[at async Xr (D:\Proje
kt\notes\frontend\node_modules
\@tailwindcss\node\dist\index.
js:10:3416)][0m
    [2m[at async N (D:\Projek
t\notes\frontend\node_modules\
@tailwindcss\postcss\dist\inde
x.js:10:3979)][0m

> Build error occurred
Error: Turbopack build failed 
with 1 errors:
./src/app/globals.css
Error evaluating Node.js code
CssSyntaxError: tailwindcss: D
:\Projekt\notes\frontend\src\a
pp\globals.css:1:1: Cannot 
apply unknown utility class 
`bg-opacity-70`
    at Input.error (node_modul
es/postcss/lib/input.js:135:16
) [D:\Projekt\notes\frontend\.
next\build\chunks\node_modules
_13sb.px._.js:4651:22]
    at error (node_modules/pos
tcss/lib/node.js:146:32) [D:\P
rojekt\notes\frontend\.next\bu
ild\chunks\node_modules_13sb.p
x._.js:928:38]
    [at Object.Once (D:\Projek
t\notes\frontend\node_modules\
@tailwindcss\postcss\dist\inde
x.js:10:6913)]
    at async 
LazyResult.runAsync (node_modu
les/postcss/lib/lazy-result.js
:293:11) [D:\Projekt\notes\fro
ntend\.next\build\chunks\node_
modules_13sb.px._.js:6214:21]
    at async transform (turbop
ack:///[turbopack-node]/transf
orms/postcss.ts:70:34) [D:\Pro
jekt\notes\frontend\.next\buil
d\chunks\[root-of-the-server]_
_0d-m0h0._.js:146:36]
    at async run (turbopack://
/[turbopack-node]/child_proces
s/evaluate.ts:89:23) [D:\Proje
kt\notes\frontend\.next\build\
chunks\[root-of-the-server]__0
ubbtyl._.js:443:31]

Import trace:
  Client Component Browser:
    ./src/app/globals.css 
[Client Component Browser]
    ./src/app/layout.tsx 
[Server Component]


    at async transform (turbop
ack:///[turbopack-node]/transf
orms/postcss.ts:70:34) [D:\Pro
jekt\notes\frontend\.next\buil
d\chunks\[root-of-the-server]_
_0d-m0h0._.js:146:36])
    at async run (turbopack://
/[turbopack-node]/child_proces
s/evaluate.ts:89:23) [D:\Proje
kt\notes\frontend\.next\build\
chunks\[root-of-the-server]__0
ubbtyl._.js:443:31])
